
> junior-quest@0.1.0 dev
> vite --host 127.0.0.1


  [32m[1mVITE[22m v5.4.21[39m  [2mready in [0m[1m301[22m[2m[0m ms[22m

  [32m➜[39m  [1mLocal[22m:   [36mhttp://127.0.0.1:[1m5173[22m/[39m
[2m16:24:11[22m [36m[1m[vite][22m[39m [32mpage reload [39m[2msrc/config/physics.ts[22m
[2m13:34:41[22m [36m[1m[vite][22m[39m [32mpage reload [39m[2msrc/game/scenes/PreloadScene.ts[22m
[2m13:35:20[22m [36m[1m[vite][22m[39m [32mpage reload [39m[2msrc/game/scenes/Level4Scene.ts[22m
[2m13:35:48[22m [36m[1m[vite][22m[39m [32mpage reload [39m[2msrc/game/scenes/Level4Scene.ts[22m
[2m13:36:20[22m [36m[1m[vite][22m[39m [32mpage reload [39m[2msrc/game/scenes/Level4Scene.ts[22m
[2m13:36:37[22m [36m[1m[vite][22m[39m [32mpage reload [39m[2msrc/game/scenes/Level4Scene.ts[22m
[2m13:36:53[22m [36m[1m[vite][22m[39m [32mpage reload [39m[2msrc/config/physics.ts[22m
[2m14:05:48[22m [36m[1m[vite][22m[39m [32mpage reload [39m[2msrc/game/scenes/PreloadScene.ts[22m
[2m14:06:17[22m [36m[1m[vite][22m[39m [32mpage reload [39m[2msrc/game/entities/Rival.ts[22m
[2m14:07:00[22m [36m[1m[vite][22m[39m [32mpage reload [39m[2msrc/config/physics.ts[22m
[2m14:07:35[22m [36m[1m[vite][22m[39m [32mpage reload [39m[2msrc/game/scenes/Level4Scene.ts[22m
[2m14:08:12[22m [36m[1m[vite][22m[39m [32mpage reload [39m[2msrc/game/scenes/Level4Scene.ts[22m
[2m14:08:55[22m [36m[1m[vite][22m[39m [32mpage reload [39m[2msrc/game/scenes/Level4Scene.ts[22m
[2m14:09:27[22m [36m[1m[vite][22m[39m [32mpage reload [39m[2msrc/game/scenes/Level4Scene.ts[22m
[2m14:10:15[22m [36m[1m[vite][22m[39m [32mpage reload [39m[2msrc/game/scenes/Level4Scene.ts[22m
[2m14:12:17[22m [36m[1m[vite][22m[39m [32mpage reload [39m[2msrc/game/scenes/Level4Scene.ts[22m
[2m14:49:47[22m [36m[1m[vite][22m[39m [32mpage reload [39m[2msrc/config/physics.ts[22m
[2m14:49:55[22m [36m[1m[vite][22m[39m [32mpage reload [39m[2msrc/game/scenes/PreloadScene.ts[22m
[2m14:50:06[22m [36m[1m[vite][22m[39m [32mpage reload [39m[2msrc/game/scenes/Level4Scene.ts[22m
[2m14:50:20[22m [36m[1m[vite][22m[39m [32mpage reload [39m[2msrc/game/scenes/Level4Scene.ts[22m
[2m14:50:29[22m [36m[1m[vite][22m[39m [32mpage reload [39m[2msrc/game/scenes/Level4Scene.ts[22m
[2m14:50:44[22m [36m[1m[vite][22m[39m [32mpage reload [39m[2msrc/game/scenes/Level4Scene.ts[22m
[2m14:50:55[22m [36m[1m[vite][22m[39m [32mpage reload [39m[2msrc/game/scenes/Level4Scene.ts[22m
[2m14:51:13[22m [36m[1m[vite][22m[39m [32mpage reload [39m[2msrc/game/scenes/Level4Scene.ts[22m
[2m14:51:23[22m [36m[1m[vite][22m[39m [32mpage reload [39m[2msrc/game/scenes/Level4Scene.ts[22m
[2m14:51:37[22m [36m[1m[vite][22m[39m [32mpage reload [39m[2msrc/game/scenes/Level4Scene.ts[22m
[2m14:51:47[22m [36m[1m[vite][22m[39m [32mpage reload [39m[2msrc/game/scenes/Level4Scene.ts[22m
[2m14:52:08[22m [36m[1m[vite][22m[39m [32mpage reload [39m[2msrc/game/scenes/Level4Scene.ts[22m
[2m14:52:21[22m [36m[1m[vite][22m[39m [32mpage reload [39m[2msrc/game/scenes/Level4Scene.ts[22m
[2m14:52:34[22m [36m[1m[vite][22m[39m [32mpage reload [39m[2msrc/game/scenes/Level4Scene.ts[22m
[2m15:02:10[22m [36m[1m[vite][22m[39m [32mpage reload [39m[2msrc/game/scenes/Level4Scene.ts[22m
[2m15:02:33[22m [36m[1m[vite][22m[39m [32mpage reload [39m[2msrc/game/scenes/Level4Scene.ts[22m
[2m15:02:44[22m [36m[1m[vite][22m[39m [32mpage reload [39m[2msrc/game/scenes/Level4Scene.ts[22m
[2m15:21:12[22m [36m[1m[vite][22m[39m [32mpage reload [39m[2msrc/config/physics.ts[22m
[2m15:21:23[22m [36m[1m[vite][22m[39m [32mpage reload [39m[2msrc/game/i18n/en.json[22m
[2m15:21:36[22m [36m[1m[vite][22m[39m [32mpage reload [39m[2msrc/game/i18n/he.json[22m
[2m15:21:42[22m [36m[1m[vite][22m[39m [32mpage reload [39m[2msrc/game/scenes/Level4Scene.ts[22m
[2m15:21:48[22m [36m[1m[vite][22m[39m [32mpage reload [39m[2msrc/game/scenes/Level4Scene.ts[22m
[2m15:22:00[22m [36m[1m[vite][22m[39m [32mpage reload [39m[2msrc/game/scenes/Level4Scene.ts[22m
[2m15:22:10[22m [36m[1m[vite][22m[39m [32mpage reload [39m[2msrc/game/scenes/Level4Scene.ts[22m
[2m15:22:40[22m [36m[1m[vite][22m[39m [32mpage reload [39m[2msrc/game/scenes/Level4Scene.ts[22m
[2m15:22:47[22m [36m[1m[vite][22m[39m [32mpage reload [39m[2msrc/game/scenes/Level4Scene.ts[22m
[2m15:23:02[22m [36m[1m[vite][22m[39m [32mpage reload [39m[2msrc/game/scenes/Level4Scene.ts[22m
[2m15:27:11[22m [36m[1m[vite][22m[39m [32mpage reload [39m[2msrc/config/physics.ts[22m
[2m15:27:21[22m [36m[1m[vite][22m[39m [32mpage reload [39m[2msrc/game/scenes/Level4Scene.ts[22m
[2m15:27:34[22m [36m[1m[vite][22m[39m [32mpage reload [39m[2msrc/game/scenes/Level4Scene.ts[22m
[2m15:27:51[22m [36m[1m[vite][22m[39m [32mpage reload [39m[2msrc/game/scenes/Level4Scene.ts[22m
[2m17:48:12[22m [36m[1m[vite][22m[39m [32mpage reload [39m[2msrc/game/entities/Rival.ts[22m
[2m17:48:12[22m [36m[1m[vite][22m[39m [32mpage reload [39m[2msrc/game/entities/Rival.ts[22m
[2m17:48:26[22m [36m[1m[vite][22m[39m [32mpage reload [39m[2msrc/config/physics.ts[22m
[2m17:48:33[22m [36m[1m[vite][22m[39m [32mpage reload [39m[2msrc/game/scenes/Level4Scene.ts[22m
[2m17:48:48[22m [36m[1m[vite][22m[39m [32mpage reload [39m[2msrc/game/scenes/Level4Scene.ts[22m
[2m17:49:00[22m [36m[1m[vite][22m[39m [32mpage reload [39m[2msrc/game/scenes/Level4Scene.ts[22m
[2m17:49:28[22m [36m[1m[vite][22m[39m [32mpage reload [39m[2msrc/game/scenes/Level4Scene.ts[22m
[2m17:56:14[22m [36m[1m[vite][22m[39m [32mpage reload [39m[2msrc/game/entities/Rival.ts[22m
[2m17:56:23[22m [36m[1m[vite][22m[39m [32mpage reload [39m[2msrc/config/physics.ts[22m
[2m17:57:04[22m [36m[1m[vite][22m[39m [32mpage reload [39m[2msrc/game/scenes/Level4Scene.ts[22m
[2m17:57:21[22m [36m[1m[vite][22m[39m [32mpage reload [39m[2msrc/game/scenes/Level4Scene.ts[22m
[2m17:57:33[22m [36m[1m[vite][22m[39m [32mpage reload [39m[2msrc/game/scenes/Level4Scene.ts[22m
[2m18:04:04[22m [36m[1m[vite][22m[39m [32mpage reload [39m[2msrc/config/physics.ts[22m
[2m18:04:14[22m [36m[1m[vite][22m[39m [32mpage reload [39m[2msrc/game/scenes/Level4Scene.ts[22m
[2m18:04:30[22m [36m[1m[vite][22m[39m [32mpage reload [39m[2msrc/game/scenes/Level4Scene.ts[22m
[2m18:04:39[22m [36m[1m[vite][22m[39m [32mpage reload [39m[2msrc/game/scenes/Level4Scene.ts[22m
[2m18:05:23[22m [36m[1m[vite][22m[39m [32mpage reload [39m[2msrc/game/scenes/Level4Scene.ts[22m
[2m18:19:59[22m [36m[1m[vite][22m[39m [32mpage reload [39m[2msrc/game/scenes/Level4Scene.ts[22m
[2m18:20:20[22m [36m[1m[vite][22m[39m [32mpage reload [39m[2msrc/game/scenes/Level4Scene.ts[22m
[2m18:20:52[22m [36m[1m[vite][22m[39m [32mpage reload [39m[2msrc/game/scenes/Level4Scene.ts[22m
[2m18:21:18[22m [36m[1m[vite][22m[39m [32mpage reload [39m[2msrc/game/scenes/Level4Scene.ts[22m
[2m18:21:37[22m [36m[1m[vite][22m[39m [32mpage reload [39m[2msrc/game/scenes/Level4Scene.ts[22m
[2m19:40:07[22m [36m[1m[vite][22m[39m [32mpage reload [39m[2msrc/config/physics.ts[22m
[2m19:40:23[22m [36m[1m[vite][22m[39m [32mpage reload [39m[2msrc/game/scenes/PreloadScene.ts[22m
[2m19:40:43[22m [36m[1m[vite][22m[39m [32mpage reload [39m[2msrc/game/scenes/PreloadScene.ts[22m
[2m19:41:23[22m [36m[1m[vite][22m[39m [32mpage reload [39m[2msrc/game/i18n/en.json[22m
[2m19:41:35[22m [36m[1m[vite][22m[39m [32mpage reload [39m[2msrc/game/i18n/he.json[22m
[2m19:41:52[22m [36m[1m[vite][22m[39m [32mpage reload [39m[2msrc/game/scenes/Level4Scene.ts[22m
[2m19:42:03[22m [36m[1m[vite][22m[39m [32mpage reload [39m[2msrc/game/scenes/Level4Scene.ts[22m
[2m19:42:26[22m [36m[1m[vite][22m[39m [32mpage reload [39m[2msrc/game/scenes/Level4Scene.ts[22m
[2m19:42:40[22m [36m[1m[vite][22m[39m [32mpage reload [39m[2msrc/game/scenes/Level4Scene.ts[22m
[2m19:42:54[22m [36m[1m[vite][22m[39m [32mpage reload [39m[2msrc/game/scenes/Level4Scene.ts[22m
[2m19:47:51[22m [36m[1m[vite][22m[39m [32mpage reload [39m[2msrc/game/scenes/Level4Scene.ts[22m
[2m19:48:02[22m [36m[1m[vite][22m[39m [32mpage reload [39m[2msrc/game/scenes/Level4Scene.ts[22m
[2m19:48:21[22m [36m[1m[vite][22m[39m [32mpage reload [39m[2msrc/game/scenes/Level4Scene.ts[22m
[2m19:48:35[22m [36m[1m[vite][22m[39m [32mpage reload [39m[2msrc/game/scenes/Level4Scene.ts[22m
[2m19:49:13[22m [36m[1m[vite][22m[39m [32mpage reload [39m[2msrc/game/scenes/Level4Scene.ts[22m
[2m20:25:10[22m [36m[1m[vite][22m[39m [32mpage reload [39m[2msrc/config/physics.ts[22m
[2m20:25:28[22m [36m[1m[vite][22m[39m [32mpage reload [39m[2msrc/game/scenes/PreloadScene.ts[22m
[2m20:28:35[22m [36m[1m[vite][22m[39m [32mpage reload [39m[2msrc/game/scenes/Level5Scene.ts[22m
[2m20:28:48[22m [36m[1m[vite][22m[39m [32mpage reload [39m[2msrc/game/scenes/Level5Scene.ts[22m
[2m20:30:34[22m [36m[1m[vite][22m[39m [32mpage reload [39m[2msrc/game/scenes/Level5Scene.ts[22m
[2m20:37:18[22m [36m[1m[vite][22m[39m [32mpage reload [39m[2msrc/config/physics.ts[22m
[2m20:37:31[22m [36m[1m[vite][22m[39m [32mpage reload [39m[2msrc/game/scenes/PreloadScene.ts[22m
[2m20:37:58[22m [36m[1m[vite][22m[39m [32mpage reload [39m[2msrc/game/scenes/Level5Scene.ts[22m
[2m20:38:30[22m [36m[1m[vite][22m[39m [32mpage reload [39m[2msrc/game/scenes/Level5Scene.ts[22m
[2m20:38:50[22m [36m[1m[vite][22m[39m [32mpage reload [39m[2msrc/game/scenes/Level5Scene.ts[22m
[2m20:39:44[22m [36m[1m[vite][22m[39m [32mpage reload [39m[2msrc/game/scenes/PreloadScene.ts[22m
[2m20:41:08[22m [36m[1m[vite][22m[39m [32mpage reload [39m[2msrc/game/scenes/Level5Scene.ts[22m
[2m13:26:19[22m [36m[1m[vite][22m[39m [32mpage reload [39m[2msrc/config/physics.ts[22m
[2m13:26:51[22m [36m[1m[vite][22m[39m [32mpage reload [39m[2msrc/game/scenes/PreloadScene.ts[22m
[2m13:27:35[22m [36m[1m[vite][22m[39m [32mpage reload [39m[2msrc/game/scenes/Level5Scene.ts[22m
[2m13:27:58[22m [36m[1m[vite][22m[39m [32mpage reload [39m[2msrc/game/scenes/Level5Scene.ts[22m
[2m13:28:24[22m [36m[1m[vite][22m[39m [32mpage reload [39m[2msrc/game/scenes/Level5Scene.ts[22m
[2m13:29:27[22m [36m[1m[vite][22m[39m [32mpage reload [39m[2msrc/game/scenes/Level5Scene.ts[22m
[2m13:29:50[22m [36m[1m[vite][22m[39m [32mpage reload [39m[2msrc/game/scenes/Level5Scene.ts[22m
[2m13:30:17[22m [36m[1m[vite][22m[39m [32mpage reload [39m[2msrc/game/scenes/Level5Scene.ts[22m
[2m14:22:24[22m [36m[1m[vite][22m[39m [32mpage reload [39m[2msrc/config/physics.ts[22m
[2m14:23:00[22m [36m[1m[vite][22m[39m [32mpage reload [39m[2msrc/game/scenes/Level5Scene.ts[22m
[2m14:23:25[22m [36m[1m[vite][22m[39m [32mpage reload [39m[2msrc/game/scenes/Level5Scene.ts[22m
[2m14:23:49[22m [36m[1m[vite][22m[39m [32mpage reload [39m[2msrc/game/scenes/Level5Scene.ts[22m
[2m14:24:14[22m [36m[1m[vite][22m[39m [32mpage reload [39m[2msrc/game/scenes/Level5Scene.ts[22m
[2m14:24:35[22m [36m[1m[vite][22m[39m [32mpage reload [39m[2msrc/game/scenes/Level5Scene.ts[22m
[2m14:25:01[22m [36m[1m[vite][22m[39m [32mpage reload [39m[2msrc/game/scenes/Level5Scene.ts[22m
[2m14:25:47[22m [36m[1m[vite][22m[39m [32mpage reload [39m[2msrc/game/scenes/Level5Scene.ts[22m
[2m14:26:08[22m [36m[1m[vite][22m[39m [32mpage reload [39m[2msrc/game/scenes/Level5Scene.ts[22m
[2m14:26:29[22m [36m[1m[vite][22m[39m [32mpage reload [39m[2msrc/game/scenes/Level5Scene.ts[22m
[2m14:26:52[22m [36m[1m[vite][22m[39m [32mpage reload [39m[2msrc/game/scenes/Level5Scene.ts[22m
[2m14:27:14[22m [36m[1m[vite][22m[39m [32mpage reload [39m[2msrc/game/scenes/Level5Scene.ts[22m
[2m14:28:17[22m [36m[1m[vite][22m[39m [32mpage reload [39m[2msrc/game/scenes/Level5Scene.ts[22m
[2m14:28:39[22m [36m[1m[vite][22m[39m [32mpage reload [39m[2msrc/game/scenes/Level5Scene.ts[22m
[2m14:30:08[22m [36m[1m[vite][22m[39m [32mpage reload [39m[2msrc/game/scenes/Level5Scene.ts[22m
[2m14:30:39[22m [36m[1m[vite][22m[39m [32mpage reload [39m[2msrc/game/scenes/Level5Scene.ts[22m
[2m14:31:05[22m [36m[1m[vite][22m[39m [32mpage reload [39m[2msrc/game/scenes/Level5Scene.ts[22m
[2m14:31:30[22m [36m[1m[vite][22m[39m [32mpage reload [39m[2msrc/game/i18n/en.json[22m
[2m14:32:49[22m [36m[1m[vite][22m[39m [32mpage reload [39m[2msrc/game/i18n/he.json[22m
[2m14:33:44[22m [36m[1m[vite][22m[39m [32mpage reload [39m[2msrc/game/scenes/Level5Scene.ts[22m
[2m15:09:53[22m [36m[1m[vite][22m[39m [32mpage reload [39m[2msrc/game/scenes/PreloadScene.ts[22m
[2m15:09:53[22m [36m[1m[vite][22m[39m [32mpage reload [39m[2msrc/config/physics.ts[22m
[2m15:09:53[22m [36m[1m[vite][22m[39m [32mpage reload [39m[2msrc/game/scenes/Level5Scene.ts[22m
[2m15:11:16[22m [36m[1m[vite][22m[39m [32mpage reload [39m[2msrc/game/scenes/Level5Scene.ts[22m
[2m15:11:53[22m [36m[1m[vite][22m[39m [32mpage reload [39m[2msrc/config/physics.ts[22m
[2m15:55:22[22m [36m[1m[vite][22m[39m [32mpage reload [39m[2msrc/game/scenes/Level5Scene.ts[22m
[2m16:12:44[22m [36m[1m[vite][22m[39m [32mpage reload [39m[2msrc/game/scenes/Level5Scene.ts[22m
[2m16:13:45[22m [36m[1m[vite][22m[39m [32mpage reload [39m[2msrc/game/scenes/Level5Scene.ts[22m
[2m16:16:29[22m [36m[1m[vite][22m[39m [32mpage reload [39m[2m.chrome-level5-debug/WasmTtsEngine/20260514.1/offscreen.html[22m
[2m16:22:11[22m [36m[1m[vite][22m[39m [32mpage reload [39m[2m.chrome-level5-debug/WasmTtsEngine/20260514.1/offscreen.html[22m
[2m16:29:05[22m [36m[1m[vite][22m[39m [32mpage reload [39m[2msrc/config/physics.ts[22m
[2m16:29:21[22m [36m[1m[vite][22m[39m [32mpage reload [39m[2msrc/game/systems/UIHud.ts[22m
[2m16:29:46[22m [36m[1m[vite][22m[39m [32mpage reload [39m[2msrc/game/scenes/Level5Scene.ts[22m
[2m16:29:59[22m [36m[1m[vite][22m[39m [32mpage reload [39m[2msrc/game/scenes/Level5Scene.ts[22m
[2m16:30:06[22m [36m[1m[vite][22m[39m [32mpage reload [39m[2msrc/game/i18n/en.json[22m
[2m16:30:22[22m [36m[1m[vite][22m[39m [32mpage reload [39m[2msrc/game/i18n/he.json[22m
[2m16:31:51[22m [36m[1m[vite][22m[39m [32mpage reload [39m[2msrc/game/scenes/Level5Scene.ts[22m
[2m16:32:52[22m [36m[1m[vite][22m[39m [32mpage reload [39m[2msrc/game/scenes/Level5Scene.ts[22m
[2m16:39:43[22m [36m[1m[vite][22m[39m [32mpage reload [39m[2msrc/game/scenes/PreloadScene.ts[22m
[2m16:39:54[22m [36m[1m[vite][22m[39m [32mpage reload [39m[2msrc/config/physics.ts[22m
[2m16:40:14[22m [36m[1m[vite][22m[39m [32mpage reload [39m[2msrc/game/scenes/Level5Scene.ts[22m
[2m16:40:33[22m [36m[1m[vite][22m[39m [32mpage reload [39m[2msrc/game/scenes/Level5Scene.ts[22m
[2m16:40:55[22m [36m[1m[vite][22m[39m [32mpage reload [39m[2msrc/game/scenes/Level5Scene.ts[22m
[2m16:57:45[22m [36m[1m[vite][22m[39m [32mpage reload [39m[2msrc/game/scenes/PreloadScene.ts[22m
[2m16:57:45[22m [36m[1m[vite][22m[39m [32mpage reload [39m[2msrc/game/scenes/PreloadScene.ts[22m
[2m16:58:15[22m [36m[1m[vite][22m[39m [32mpage reload [39m[2msrc/config/physics.ts[22m
[2m16:58:55[22m [36m[1m[vite][22m[39m [32mpage reload [39m[2msrc/game/scenes/Level5Scene.ts[22m
[2m16:59:38[22m [36m[1m[vite][22m[39m [32mpage reload [39m[2msrc/game/scenes/Level5Scene.ts[22m
[2m16:59:56[22m [36m[1m[vite][22m[39m [32mpage reload [39m[2msrc/game/scenes/Level5Scene.ts[22m
[2m17:00:16[22m [36m[1m[vite][22m[39m [32mpage reload [39m[2msrc/game/scenes/Level5Scene.ts[22m
[2m17:00:44[22m [36m[1m[vite][22m[39m [32mpage reload [39m[2msrc/game/scenes/Level5Scene.ts[22m
